18:22:05 **** Incremental Build of configuration Debug for project STM_ultrasonic ****
make -j12 all 
arm-none-eabi-gcc "../Core/Src/main.c" -mcpu=cortex-m4 -std=gnu11 -g3 -DDEBUG -DUSE_HAL_DRIVER -DSTM32WB55xx -c -I../Core/Inc -I../Drivers/STM32WBxx_HAL_Driver/Inc -I../Drivers/STM32WBxx_HAL_Driver/Inc/Legacy -I../Drivers/CMSIS/Device/ST/STM32WBxx/Include -I../Drivers/CMSIS/Include -O0 -ffunction-sections -fdata-sections -Wall -fstack-usage -MMD -MP -MF"Core/Src/main.d" -MT"Core/Src/main.o" --specs=nano.specs -mfpu=fpv4-sp-d16 -mfloat-abi=hard -mthumb -o "Core/Src/main.o"
arm-none-eabi-gcc -o "STM_ultrasonic.elf" @"objects.list"   -mcpu=cortex-m4 -T"C:\Klaudia\magisterka\blind_warning_system_ultrasonic\STM_ultrasonic\STM32WB55RGVX_FLASH.ld" --specs=nosys.specs -Wl,-Map="STM_ultrasonic.map" -Wl,--gc-sections -static -u _printf_float --specs=nano.specs -mfpu=fpv4-sp-d16 -mfloat-abi=hard -mthumb -Wl,--start-group -lc -lm -Wl,--end-group
Finished building target: STM_ultrasonic.elf
 
arm-none-eabi-size   STM_ultrasonic.elf 
arm-none-eabi-objdump -h -S  STM_ultrasonic.elf  > "STM_ultrasonic.list"
   text	   data	    bss	    dec	    hex	filename
  39032	    484	   2624	  42140	   a49c	STM_ultrasonic.elf
Finished building: default.size.stdout
 
Finished building: STM_ultrasonic.list
 

18:22:05 Build Finished. 0 errors, 0 warnings. (took 787ms)

