10:07:22 **** Incremental Build of configuration Debug for project STM_infrared ****
make -j4 all 
arm-none-eabi-gcc "../Core/Src/main.c" -mcpu=cortex-m4 -std=gnu11 -g3 -DDEBUG -DUSE_HAL_DRIVER -DSTM32WB55xx -c -I../Core/Inc -I../Drivers/STM32WBxx_HAL_Driver/Inc -I../Drivers/STM32WBxx_HAL_Driver/Inc/Legacy -I../Drivers/CMSIS/Device/ST/STM32WBxx/Include -I../Drivers/CMSIS/Include -O0 -ffunction-sections -fdata-sections -Wall -fstack-usage -MMD -MP -MF"Core/Src/main.d" -MT"Core/Src/main.o" --specs=nano.specs -mfpu=fpv4-sp-d16 -mfloat-abi=hard -mthumb -o "Core/Src/main.o"
arm-none-eabi-gcc -o "STM_infrared.elf" @"objects.list"   -mcpu=cortex-m4 -T"E:\Studia\EiT\mgr\Repozytorium\STM_infrared\STM32WB55RGVX_FLASH.ld" --specs=nosys.specs -Wl,-Map="STM_infrared.map" -Wl,--gc-sections -static --specs=nano.specs -mfpu=fpv4-sp-d16 -mfloat-abi=hard -mthumb -Wl,--start-group -lc -lm -Wl,--end-group
Finished building target: STM_infrared.elf
 
arm-none-eabi-objdump -h -S  STM_infrared.elf  > "STM_infrared.list"
arm-none-eabi-objcopy  -O binary  STM_infrared.elf  "STM_infrared.bin"
arm-none-eabi-size   STM_infrared.elf 
   text	   data	    bss	    dec	    hex	filename
  22964	     20	   2800	  25784	   64b8	STM_infrared.elf
Finished building: default.size.stdout
 
Finished building: STM_infrared.bin
 
Finished building: STM_infrared.list
 

10:07:26 Build Finished. 0 errors, 0 warnings. (took 3s.468ms)

